Archive member included because of file (symbol)

d:/iti_embedded_systems_camp/sdk/imt_sdk_win_64/winavr/bin/../lib/gcc/avr/4.3.3/avr5\libgcc.a(_udivmodhi4.o)
                              ./COTS/HAL/LCD/LCD_program.o (__udivmodhi4)
d:/iti_embedded_systems_camp/sdk/imt_sdk_win_64/winavr/bin/../lib/gcc/avr/4.3.3/avr5\libgcc.a(_divmodhi4.o)
                              ./COTS/HAL/LCD/LCD_program.o (__divmodhi4)
d:/iti_embedded_systems_camp/sdk/imt_sdk_win_64/winavr/bin/../lib/gcc/avr/4.3.3/avr5\libgcc.a(_exit.o)
                              d:/iti_embedded_systems_camp/sdk/imt_sdk_win_64/winavr/bin/../lib/gcc/avr/4.3.3/../../../../avr/lib/avr5/crtm32.o (exit)
d:/iti_embedded_systems_camp/sdk/imt_sdk_win_64/winavr/bin/../lib/gcc/avr/4.3.3/avr5\libgcc.a(_copy_data.o)
                              ./main.o (__do_copy_data)

Memory Configuration

Name             Origin             Length             Attributes
text             0x00000000         0x00020000         xr
data             0x00800060         0x0000ffa0         rw !x
eeprom           0x00810000         0x00010000         rw !x
fuse             0x00820000         0x00000400         rw !x
lock             0x00830000         0x00000400         rw !x
signature        0x00840000         0x00000400         rw !x
*default*        0x00000000         0xffffffff

Linker script and memory map

LOAD d:/iti_embedded_systems_camp/sdk/imt_sdk_win_64/winavr/bin/../lib/gcc/avr/4.3.3/../../../../avr/lib/avr5/crtm32.o
LOAD ./COTS/MCAL/GIE/GIE_program.o
LOAD ./COTS/MCAL/DIO/DIO_program.o
LOAD ./COTS/HAL/LCD/LCD_program.o
LOAD ./main.o
LOAD d:/iti_embedded_systems_camp/sdk/imt_sdk_win_64/winavr/bin/../lib/gcc/avr/4.3.3/avr5\libgcc.a
LOAD d:/iti_embedded_systems_camp/sdk/imt_sdk_win_64/winavr/bin/../lib/gcc/avr/4.3.3/../../../../avr/lib/avr5\libc.a
LOAD d:/iti_embedded_systems_camp/sdk/imt_sdk_win_64/winavr/bin/../lib/gcc/avr/4.3.3/avr5\libgcc.a

.hash
 *(.hash)

.dynsym
 *(.dynsym)

.dynstr
 *(.dynstr)

.gnu.version
 *(.gnu.version)

.gnu.version_d
 *(.gnu.version_d)

.gnu.version_r
 *(.gnu.version_r)

.rel.init
 *(.rel.init)

.rela.init
 *(.rela.init)

.rel.text
 *(.rel.text)
 *(.rel.text.*)
 *(.rel.gnu.linkonce.t*)

.rela.text
 *(.rela.text)
 *(.rela.text.*)
 *(.rela.gnu.linkonce.t*)

.rel.fini
 *(.rel.fini)

.rela.fini
 *(.rela.fini)

.rel.rodata
 *(.rel.rodata)
 *(.rel.rodata.*)
 *(.rel.gnu.linkonce.r*)

.rela.rodata
 *(.rela.rodata)
 *(.rela.rodata.*)
 *(.rela.gnu.linkonce.r*)

.rel.data
 *(.rel.data)
 *(.rel.data.*)
 *(.rel.gnu.linkonce.d*)

.rela.data
 *(.rela.data)
 *(.rela.data.*)
 *(.rela.gnu.linkonce.d*)

.rel.ctors
 *(.rel.ctors)

.rela.ctors
 *(.rela.ctors)

.rel.dtors
 *(.rel.dtors)

.rela.dtors
 *(.rela.dtors)

.rel.got
 *(.rel.got)

.rela.got
 *(.rela.got)

.rel.bss
 *(.rel.bss)

.rela.bss
 *(.rela.bss)

.rel.plt
 *(.rel.plt)

.rela.plt
 *(.rela.plt)

.text           0x00000000      0x692
 *(.vectors)
 .vectors       0x00000000       0x54 d:/iti_embedded_systems_camp/sdk/imt_sdk_win_64/winavr/bin/../lib/gcc/avr/4.3.3/../../../../avr/lib/avr5/crtm32.o
                0x00000000                __vectors
                0x00000000                __vector_default
 *(.vectors)
 *(.progmem.gcc*)
 *(.progmem*)
                0x00000054                . = ALIGN (0x2)
                0x00000054                __trampolines_start = .
 *(.trampolines)
 .trampolines   0x00000054        0x0 linker stubs
 *(.trampolines*)
                0x00000054                __trampolines_end = .
 *(.jumptables)
 *(.jumptables*)
 *(.lowtext)
 *(.lowtext*)
                0x00000054                __ctors_start = .
 *(.ctors)
                0x00000054                __ctors_end = .
                0x00000054                __dtors_start = .
 *(.dtors)
                0x00000054                __dtors_end = .
 SORT(*)(.ctors)
 SORT(*)(.dtors)
 *(.init0)
 .init0         0x00000054        0x0 d:/iti_embedded_systems_camp/sdk/imt_sdk_win_64/winavr/bin/../lib/gcc/avr/4.3.3/../../../../avr/lib/avr5/crtm32.o
                0x00000054                __init
 *(.init0)
 *(.init1)
 *(.init1)
 *(.init2)
 .init2         0x00000054        0xc d:/iti_embedded_systems_camp/sdk/imt_sdk_win_64/winavr/bin/../lib/gcc/avr/4.3.3/../../../../avr/lib/avr5/crtm32.o
 *(.init2)
 *(.init3)
 *(.init3)
 *(.init4)
 .init4         0x00000060       0x16 d:/iti_embedded_systems_camp/sdk/imt_sdk_win_64/winavr/bin/../lib/gcc/avr/4.3.3/avr5\libgcc.a(_copy_data.o)
                0x00000060                __do_copy_data
 *(.init4)
 *(.init5)
 *(.init5)
 *(.init6)
 *(.init6)
 *(.init7)
 *(.init7)
 *(.init8)
 *(.init8)
 *(.init9)
 .init9         0x00000076        0x8 d:/iti_embedded_systems_camp/sdk/imt_sdk_win_64/winavr/bin/../lib/gcc/avr/4.3.3/../../../../avr/lib/avr5/crtm32.o
 *(.init9)
 *(.text)
 .text          0x0000007e        0x4 d:/iti_embedded_systems_camp/sdk/imt_sdk_win_64/winavr/bin/../lib/gcc/avr/4.3.3/../../../../avr/lib/avr5/crtm32.o
                0x0000007e                __vector_1
                0x0000007e                __vector_12
                0x0000007e                __bad_interrupt
                0x0000007e                __vector_6
                0x0000007e                __vector_3
                0x0000007e                __vector_11
                0x0000007e                __vector_13
                0x0000007e                __vector_17
                0x0000007e                __vector_19
                0x0000007e                __vector_7
                0x0000007e                __vector_5
                0x0000007e                __vector_4
                0x0000007e                __vector_9
                0x0000007e                __vector_2
                0x0000007e                __vector_15
                0x0000007e                __vector_8
                0x0000007e                __vector_14
                0x0000007e                __vector_10
                0x0000007e                __vector_16
                0x0000007e                __vector_18
                0x0000007e                __vector_20
 .text          0x00000082        0x0 ./COTS/MCAL/GIE/GIE_program.o
 .text          0x00000082        0x0 ./COTS/MCAL/DIO/DIO_program.o
 .text          0x00000082        0x0 ./COTS/HAL/LCD/LCD_program.o
 .text          0x00000082        0x0 ./main.o
 .text          0x00000082        0x0 d:/iti_embedded_systems_camp/sdk/imt_sdk_win_64/winavr/bin/../lib/gcc/avr/4.3.3/avr5\libgcc.a(_udivmodhi4.o)
 .text          0x00000082        0x0 d:/iti_embedded_systems_camp/sdk/imt_sdk_win_64/winavr/bin/../lib/gcc/avr/4.3.3/avr5\libgcc.a(_divmodhi4.o)
 .text          0x00000082        0x0 d:/iti_embedded_systems_camp/sdk/imt_sdk_win_64/winavr/bin/../lib/gcc/avr/4.3.3/avr5\libgcc.a(_exit.o)
 .text          0x00000082        0x0 d:/iti_embedded_systems_camp/sdk/imt_sdk_win_64/winavr/bin/../lib/gcc/avr/4.3.3/avr5\libgcc.a(_copy_data.o)
                0x00000082                . = ALIGN (0x2)
 *(.text.*)
 .text.GIE_vEnable
                0x00000082        0x8 ./COTS/MCAL/GIE/GIE_program.o
                0x00000082                GIE_vEnable
 .text.GIE_vDisable
                0x0000008a        0x8 ./COTS/MCAL/GIE/GIE_program.o
                0x0000008a                GIE_vDisable
 .text.DIO_vWritePinDirection
                0x00000092       0xe6 ./COTS/MCAL/DIO/DIO_program.o
                0x00000092                DIO_vWritePinDirection
 .text.DIO_vWritePinValue
                0x00000178       0xe6 ./COTS/MCAL/DIO/DIO_program.o
                0x00000178                DIO_vWritePinValue
 .text.DIO_u8ReadPinValue
                0x0000025e       0x40 ./COTS/MCAL/DIO/DIO_program.o
                0x0000025e                DIO_u8ReadPinValue
 .text.DIO_vTogPinValue
                0x0000029e       0x6a ./COTS/MCAL/DIO/DIO_program.o
                0x0000029e                DIO_vTogPinValue
 .text.DIO_vPortSetDirection
                0x00000308       0x54 ./COTS/MCAL/DIO/DIO_program.o
                0x00000308                DIO_vPortSetDirection
 .text.DIO_vPortSetValue
                0x0000035c       0x76 ./COTS/MCAL/DIO/DIO_program.o
                0x0000035c                DIO_vPortSetValue
 .text.LCD_vSendChar
                0x000003d2       0x4c ./COTS/HAL/LCD/LCD_program.o
                0x000003d2                LCD_vSendChar
 .text.LCD_vPrintNum
                0x0000041e       0xc0 ./COTS/HAL/LCD/LCD_program.o
                0x0000041e                LCD_vPrintNum
 .text.LCD_vPrintSTR
                0x000004de       0x1a ./COTS/HAL/LCD/LCD_program.o
                0x000004de                LCD_vPrintSTR
 .text.LCD_vSendCommand
                0x000004f8       0x4c ./COTS/HAL/LCD/LCD_program.o
                0x000004f8                LCD_vSendCommand
 .text.LCD_vSetCursorPosition
                0x00000544       0x1a ./COTS/HAL/LCD/LCD_program.o
                0x00000544                LCD_vSetCursorPosition
 .text.LCD_vSaveChar
                0x0000055e       0x44 ./COTS/HAL/LCD/LCD_program.o
                0x0000055e                LCD_vSaveChar
 .text.LCD_vDisplayCustomChar
                0x000005a2       0x18 ./COTS/HAL/LCD/LCD_program.o
                0x000005a2                LCD_vDisplayCustomChar
 .text.LCD_vInit
                0x000005ba       0x78 ./COTS/HAL/LCD/LCD_program.o
                0x000005ba                LCD_vInit
 .text.main     0x00000632        0xe ./main.o
                0x00000632                main
 .text.libgcc   0x00000640       0x28 d:/iti_embedded_systems_camp/sdk/imt_sdk_win_64/winavr/bin/../lib/gcc/avr/4.3.3/avr5\libgcc.a(_udivmodhi4.o)
                0x00000640                __udivmodhi4
 .text.libgcc   0x00000668       0x26 d:/iti_embedded_systems_camp/sdk/imt_sdk_win_64/winavr/bin/../lib/gcc/avr/4.3.3/avr5\libgcc.a(_divmodhi4.o)
                0x00000668                __divmodhi4
                0x00000668                _div
 .text.libgcc   0x0000068e        0x0 d:/iti_embedded_systems_camp/sdk/imt_sdk_win_64/winavr/bin/../lib/gcc/avr/4.3.3/avr5\libgcc.a(_exit.o)
 .text.libgcc   0x0000068e        0x0 d:/iti_embedded_systems_camp/sdk/imt_sdk_win_64/winavr/bin/../lib/gcc/avr/4.3.3/avr5\libgcc.a(_copy_data.o)
                0x0000068e                . = ALIGN (0x2)
 *(.fini9)
 .fini9         0x0000068e        0x0 d:/iti_embedded_systems_camp/sdk/imt_sdk_win_64/winavr/bin/../lib/gcc/avr/4.3.3/avr5\libgcc.a(_exit.o)
                0x0000068e                exit
                0x0000068e                _exit
 *(.fini9)
 *(.fini8)
 *(.fini8)
 *(.fini7)
 *(.fini7)
 *(.fini6)
 *(.fini6)
 *(.fini5)
 *(.fini5)
 *(.fini4)
 *(.fini4)
 *(.fini3)
 *(.fini3)
 *(.fini2)
 *(.fini2)
 *(.fini1)
 *(.fini1)
 *(.fini0)
 .fini0         0x0000068e        0x4 d:/iti_embedded_systems_camp/sdk/imt_sdk_win_64/winavr/bin/../lib/gcc/avr/4.3.3/avr5\libgcc.a(_exit.o)
 *(.fini0)
                0x00000692                _etext = .

.data           0x00800060        0x6 load address 0x00000692
                0x00800060                PROVIDE (__data_start, .)
 *(.data)
 .data          0x00800060        0x0 d:/iti_embedded_systems_camp/sdk/imt_sdk_win_64/winavr/bin/../lib/gcc/avr/4.3.3/../../../../avr/lib/avr5/crtm32.o
 .data          0x00800060        0x0 ./COTS/MCAL/GIE/GIE_program.o
 .data          0x00800060        0x0 ./COTS/MCAL/DIO/DIO_program.o
 .data          0x00800060        0x0 ./COTS/HAL/LCD/LCD_program.o
 .data          0x00800060        0x6 ./main.o
 .data          0x00800066        0x0 d:/iti_embedded_systems_camp/sdk/imt_sdk_win_64/winavr/bin/../lib/gcc/avr/4.3.3/avr5\libgcc.a(_udivmodhi4.o)
 .data          0x00800066        0x0 d:/iti_embedded_systems_camp/sdk/imt_sdk_win_64/winavr/bin/../lib/gcc/avr/4.3.3/avr5\libgcc.a(_divmodhi4.o)
 .data          0x00800066        0x0 d:/iti_embedded_systems_camp/sdk/imt_sdk_win_64/winavr/bin/../lib/gcc/avr/4.3.3/avr5\libgcc.a(_exit.o)
 .data          0x00800066        0x0 d:/iti_embedded_systems_camp/sdk/imt_sdk_win_64/winavr/bin/../lib/gcc/avr/4.3.3/avr5\libgcc.a(_copy_data.o)
 *(.data*)
 *(.rodata)
 *(.rodata*)
 *(.gnu.linkonce.d*)
                0x00800066                . = ALIGN (0x2)
                0x00800066                _edata = .
                0x00800066                PROVIDE (__data_end, .)

.bss            0x00800066        0x0
                0x00800066                PROVIDE (__bss_start, .)
 *(.bss)
 .bss           0x00800066        0x0 d:/iti_embedded_systems_camp/sdk/imt_sdk_win_64/winavr/bin/../lib/gcc/avr/4.3.3/../../../../avr/lib/avr5/crtm32.o
 .bss           0x00800066        0x0 ./COTS/MCAL/GIE/GIE_program.o
 .bss           0x00800066        0x0 ./COTS/MCAL/DIO/DIO_program.o
 .bss           0x00800066        0x0 ./COTS/HAL/LCD/LCD_program.o
 .bss           0x00800066        0x0 ./main.o
 .bss           0x00800066        0x0 d:/iti_embedded_systems_camp/sdk/imt_sdk_win_64/winavr/bin/../lib/gcc/avr/4.3.3/avr5\libgcc.a(_udivmodhi4.o)
 .bss           0x00800066        0x0 d:/iti_embedded_systems_camp/sdk/imt_sdk_win_64/winavr/bin/../lib/gcc/avr/4.3.3/avr5\libgcc.a(_divmodhi4.o)
 .bss           0x00800066        0x0 d:/iti_embedded_systems_camp/sdk/imt_sdk_win_64/winavr/bin/../lib/gcc/avr/4.3.3/avr5\libgcc.a(_exit.o)
 .bss           0x00800066        0x0 d:/iti_embedded_systems_camp/sdk/imt_sdk_win_64/winavr/bin/../lib/gcc/avr/4.3.3/avr5\libgcc.a(_copy_data.o)
 *(.bss*)
 *(COMMON)
                0x00800066                PROVIDE (__bss_end, .)
                0x00000692                __data_load_start = LOADADDR (.data)
                0x00000698                __data_load_end = (__data_load_start + SIZEOF (.data))

.noinit         0x00800066        0x0
                0x00800066                PROVIDE (__noinit_start, .)
 *(.noinit*)
                0x00800066                PROVIDE (__noinit_end, .)
                0x00800066                _end = .
                0x00800066                PROVIDE (__heap_start, .)

.eeprom         0x00810000        0x0
 *(.eeprom*)
                0x00810000                __eeprom_end = .

.fuse
 *(.fuse)
 *(.lfuse)
 *(.hfuse)
 *(.efuse)

.lock
 *(.lock*)

.signature
 *(.signature*)

.stab
 *(.stab)

.stabstr
 *(.stabstr)

.stab.excl
 *(.stab.excl)

.stab.exclstr
 *(.stab.exclstr)

.stab.index
 *(.stab.index)

.stab.indexstr
 *(.stab.indexstr)

.comment
 *(.comment)

.debug
 *(.debug)

.line
 *(.line)

.debug_srcinfo
 *(.debug_srcinfo)

.debug_sfnames
 *(.debug_sfnames)

.debug_aranges
 *(.debug_aranges)

.debug_pubnames
 *(.debug_pubnames)

.debug_info
 *(.debug_info)
 *(.gnu.linkonce.wi.*)

.debug_abbrev
 *(.debug_abbrev)

.debug_line
 *(.debug_line)

.debug_frame
 *(.debug_frame)

.debug_str
 *(.debug_str)

.debug_loc
 *(.debug_loc)

.debug_macinfo
 *(.debug_macinfo)
OUTPUT(Final-AVR-Proj.elf elf32-avr)
LOAD linker stubs
